anchor-click-flashes-heading
anchor-click-keeps-url-clean
anchor-heading-has-github-slug
anchor-in-folder-body-intercepted
anchor-links-rendered
anchor-loose-frag-matches
anchor-miss-says-so-not-silent
archive-body-collapsed-without-decisions
archive-float-suppressed
archive-has-items
archive-readonly-no-qinci
archive-readonly-notice
archive-tab-exists
bare-hash-link-rendered
bare-hash-scrolls-to-top
body-block-in-flow-above-doc
body-decisions-visible-without-click
body-expanded-by-default-with-decisions
body-markdown-rendered
body-session-marker-not-visible
body-toggle-collapses
cards-positioned-during-doc-switch
cmd-enter-in-draft-card-not-submit
cmd-enter-in-zongpi-not-submit
cmd-enter-saves-draft
comment-relative-image-hydrated
copy-ref-btn-exists
doc-starts-right-below-fold
doc-within-one-screen-of-top
draft-cards>=2
drafts-cleared-after-submit
drafts-persisted
empty-draft-dropped-on-switch
empty-draft-starts-editing
external-link-not-hijacked
fence-line-precise
folder-body-anchor-rendered
folder-body-height-capped
folder-body-tldr-always-visible
lang-chip-on-bilingual
lang-default-zh
lang-switch-to-en
lang-tabs-collapsed
link-jump-flash
link-samples-rendered
list-summary-tldr-and-decisions
long-doc-scrollable
margin-cards-ordered
margin-cards-present
mouse-drag-holds-float-until-mouseup
old-rev-body-shorter
old-rev-cmd-enter-blocked
old-rev-float-suppressed
old-rev-notice-shown
old-rev-submit-disabled
qian-bar-shows-union-with-count
qian-chip-on-card
qian-clear-restores-tabs
qian-view-lists-open-and-merged-together
qian-view-replaces-tabs
reply-rendered>=1
rev-switcher-3-opts
scroll-end-jumps-to-bottom
scroll-end-jumps-to-top
scroll-ends-hug-the-text
scroll-ends-rendered
scroll-ends-stay-put-while-scrolling
search-clear-restores
search-hits-found
search-input-exists
search-jump-flash
shown-threads>=1
stale-empty-draft-opens-editor
stale-empty-draft-still-clickable
submit-body-nonempty
submit-btn-visible
submit-commit-id
submit-fired
submit-line-set
thread-expand-btn-actually-clickable
thread-view-backdrop-closes
thread-view-body-rendered
thread-view-close-btn-closes
thread-view-esc-closes
thread-view-opens-on-expand
thread-view-wider-than-margin-card
touch-probe-range-built
touch-selection-shows-float
verify-count-in-topbar
verify-marker-rendered
zongpi-auto-opens-after-send
zongpi-card-above-other-cards
zongpi-card-aligned-to-margin-col
zongpi-card-open
zongpi-card-stays-put-while-scrolling
zongpi-card-visible-in-viewport
zongpi-collapsed-by-default
zongpi-expands-all
zongpi-in-flow-above-doc
zongpi-just-sent-on-top
zongpi-markdown-rendered
zongpi-newest-first
zongpi-open-keeps-reading-position
zongpi-recollapses
zongpi-toggle-actually-clickable
zongpi-toggle-shows-count-and-gist
